---
source: src/tui/render/cells_tests/active_plan.rs
assertion_line: 35
expression: rendered
---
› Review the codebase and propose changes

• Updated Plan
  └ The current discovery path is hardcoded and should be generalized.
    □ Generalize instruction discovery
    □ Preserve cache and path resolution behavior

 Awaiting Approval 
  Start implementation with this plan?
  
  1. yes
  2. keep planning
  1 yes  2 plan
