---
source: src/tui/render/cells_tests/active_general.rs
expression: rendered
---
You: Read the local codebase and propose the next refactor

 Plan Mode 

 Exploring 
  └ Read src/oauth.rs

 Planning 
  └ The auth flow should reuse codex_login instead of mirroring it.

• Updated Plan
  └ Prefer direct Codex auth reuse before extending more TUI flows.
    ✔ Inspect the current auth bridge
    □ Replace the bespoke OAuth flow
    □ Add snapshot tests for the auth picker
