---
source: src/tui/render/tests.rs
assertion_line: 570
expression: rendered
---
┌ Provider Menu ───────────────────────────────────────────────────────────────────────────────────┐
│Choose a provider family first, then continue into model selection or setup.                      │
└──────────────────────────────────────────────────────────────────────────────────────────────────┘
│[1] Codex                                                                                         │
│  Use Codex with browser login, device-code login, or a Codex API key.                            │
│[2] OpenAI-compatible                                                                             │
│  Use OpenAI-compatible endpoint profiles such as Custom, DeepSeek, Kimi, or OpenRouter.          │
│[3] Candle Local                                                                                  │
│  Run local Candle models directly in-process.                                                    │
│[4] Ollama                                                                                        │
│  Use an external Ollama server and choose a local tag.                                           │
│                                                                                                  │
│                                                                                                  │
│                                                                                                  │
│                                                                                                  │
│                                                                                                  │
│                                                                                                  │
│                                                                                                  │
│                                                                                                  │
│                                                                                                  │
│                                                                                                  │
│                                                                                                  │
                       1/2/3/4 select  Up/Down move  Enter continue  Esc close
